I do not want this to be on Git
